###############################################################################
#
# IAR ELF Linker V8.30.1.114/W32 for ARM                  08/May/2021  03:39:09
# Copyright 2007-2018 IAR Systems AB.
#
#    Output file  =  
#        C:\STM\STMF407 SmartScreen\Project\Test\EWARM\Olimex
#        STM32-E407\Exe\Project.out
#    Map file     =  
#        C:\STM\STMF407 SmartScreen\Project\Test\EWARM\Olimex
#        STM32-E407\List\Project.map
#    Command line =  
#        -f C:\Users\1489~1\AppData\Local\Temp\EW3FC1.tmp ("C:\STM\STMF407
#        SmartScreen\Project\Test\EWARM\Olimex STM32-E407\Obj\i2c_ee.o"
#        "C:\STM\STMF407 SmartScreen\Project\Test\EWARM\Olimex
#        STM32-E407\Obj\LED_user.o" "C:\STM\STMF407
#        SmartScreen\Project\Test\EWARM\Olimex STM32-E407\Obj\main.o"
#        "C:\STM\STMF407 SmartScreen\Project\Test\EWARM\Olimex
#        STM32-E407\Obj\misc.o" "C:\STM\STMF407
#        SmartScreen\Project\Test\EWARM\Olimex STM32-E407\Obj\myNextion.o"
#        "C:\STM\STMF407 SmartScreen\Project\Test\EWARM\Olimex
#        STM32-E407\Obj\startup_stm32f40xx.o" "C:\STM\STMF407
#        SmartScreen\Project\Test\EWARM\Olimex STM32-E407\Obj\stm32f2xx_it.o"
#        "C:\STM\STMF407 SmartScreen\Project\Test\EWARM\Olimex
#        STM32-E407\Obj\stm32f4xx_dma.o" "C:\STM\STMF407
#        SmartScreen\Project\Test\EWARM\Olimex STM32-E407\Obj\stm32f4xx_exti.o"
#        "C:\STM\STMF407 SmartScreen\Project\Test\EWARM\Olimex
#        STM32-E407\Obj\stm32f4xx_gpio.o" "C:\STM\STMF407
#        SmartScreen\Project\Test\EWARM\Olimex STM32-E407\Obj\stm32f4xx_i2c.o"
#        "C:\STM\STMF407 SmartScreen\Project\Test\EWARM\Olimex
#        STM32-E407\Obj\stm32f4xx_pwr.o" "C:\STM\STMF407
#        SmartScreen\Project\Test\EWARM\Olimex STM32-E407\Obj\stm32f4xx_rcc.o"
#        "C:\STM\STMF407 SmartScreen\Project\Test\EWARM\Olimex
#        STM32-E407\Obj\stm32f4xx_rtc.o" "C:\STM\STMF407
#        SmartScreen\Project\Test\EWARM\Olimex STM32-E407\Obj\stm32f4xx_sdio.o"
#        "C:\STM\STMF407 SmartScreen\Project\Test\EWARM\Olimex
#        STM32-E407\Obj\stm32f4xx_spi.o" "C:\STM\STMF407
#        SmartScreen\Project\Test\EWARM\Olimex
#        STM32-E407\Obj\stm32f4xx_syscfg.o" "C:\STM\STMF407
#        SmartScreen\Project\Test\EWARM\Olimex STM32-E407\Obj\stm32f4xx_tim.o"
#        "C:\STM\STMF407 SmartScreen\Project\Test\EWARM\Olimex
#        STM32-E407\Obj\stm32f4xx_usart.o" "C:\STM\STMF407
#        SmartScreen\Project\Test\EWARM\Olimex
#        STM32-E407\Obj\system_stm32f4xx.o" "C:\STM\STMF407
#        SmartScreen\Project\Test\EWARM\Olimex STM32-E407\Obj\time_user.o"
#        "C:\STM\STMF407 SmartScreen\Project\Test\EWARM\Olimex
#        STM32-E407\Obj\tm_stm32f4_gpio.o" "C:\STM\STMF407
#        SmartScreen\Project\Test\EWARM\Olimex STM32-E407\Obj\tm_stm32f4_i2c.o"
#        "C:\STM\STMF407 SmartScreen\Project\Test\EWARM\Olimex
#        STM32-E407\Obj\transp.o" "C:\STM\STMF407
#        SmartScreen\Project\Test\EWARM\Olimex STM32-E407\Obj\usart_user.o"
#        "C:\STM\STMF407 SmartScreen\Project\Test\EWARM\Olimex
#        STM32-E407\Obj\user_ds18b20.o" --redirect _Printf=_PrintfLargeNoMb
#        --redirect _Scanf=_ScanfSmallNoMb --no_out_extension -o
#        "C:\STM\STMF407 SmartScreen\Project\Test\EWARM\Olimex
#        STM32-E407\Exe\Project.out" --map "C:\STM\STMF407
#        SmartScreen\Project\Test\EWARM\Olimex STM32-E407\List\Project.map"
#        --config "C:\Program Files (x86)\IAR Systems\Embedded Workbench
#        8.1\arm\config\linker\ST\stm32f407xG.icf" --semihosting --entry
#        __iar_program_start "C:\Program Files (x86)\IAR Systems\Embedded
#        Workbench 8.1\arm\CMSIS\Lib\IAR\iar_cortexM4lf_math.a" --vfe
#        --text_out locale)
#
###############################################################################

*******************************************************************************
*** RUNTIME MODEL ATTRIBUTES
***

CppFlavor       = *
__SystemLibrary = DLib
__dlib_version  = 6


*******************************************************************************
*** HEAP SELECTION
***

The basic heap was selected because no calls to memory allocation
functions were found in the application outside of system library
functions, and there are calls to deallocation functions in the
application.


*******************************************************************************
*** PLACEMENT SUMMARY
***

"A0":  place at 0x800'0000 { ro section .intvec };
"P1":  place in [from 0x800'0000 to 0x80f'ffff] { ro };
define block CSTACK with size = 8K, alignment = 8 { };
"P3":  place in [from 0x1000'0000 to 0x1000'ffff] {
          block CSTACK, section .ccram };
define block HEAP with size = 8K, alignment = 8 { };
"P4":  place in [from 0x2000'0000 to 0x2001'bfff] |
                [from 0x2001'c000 to 0x2001'ffff] { rw, block HEAP };
initialize by copy { rw };

No sections matched the following patterns:

  ro section application_specific_ro  in "P2"
  section .backup_sram                in "P5"
  section .ccram                      in "P3"


  Section            Kind         Address    Size  Object
  -------            ----         -------    ----  ------
"A0":                                       0x188
  .intvec            ro code   0x800'0000   0x188  startup_stm32f40xx.o [1]
                             - 0x800'0188   0x188

"P1":                                      0x30ec
  .text              ro code   0x800'0188   0xc2e  xprintflarge_nomb.o [2]
  .text              ro code   0x800'0db6    0x3a  zero_init3.o [4]
  .text              ro code   0x800'0df0    0x16  strchr.o [4]
  .text              ro code   0x800'0e06     0xa  xsprout.o [2]
  .text              ro code   0x800'0e10    0x40  xfail_s.o [2]
  .text              ro code   0x800'0e50    0x36  strlen.o [4]
  .text              ro code   0x800'0e88    0x58  memchr.o [4]
  .text              ro code   0x800'0ee0   0x230  I64DivMod.o [4]
  .text              ro code   0x800'1110   0x1a2  DblMul.o [3]
  .text              ro code   0x800'12b4    0xa6  ABImemcpy.o [4]
  .text              ro code   0x800'135c    0x70  frexp.o [3]
  .text              ro code   0x800'13cc    0x2e  DblCmpLe.o [3]
  .text              ro code   0x800'13fc   0x246  DblDiv.o [3]
  .text              ro code   0x800'1644    0x28  DblToU32.o [3]
  .text              ro code   0x800'166c    0x1a  U32ToDbl.o [3]
  .text              ro code   0x800'1688    0xe2  DblSub.o [3]
  .text              ro code   0x800'176c     0x8  xlocale_c.o [2]
  .text              ro code   0x800'1774     0x6  abort.o [2]
  .text              ro code   0x800'177c     0x2  I64DivZer.o [4]
  .text              ro code   0x800'1780   0x16a  DblAdd.o [3]
  .text              ro code   0x800'18ec    0x14  exit.o [5]
  .text              ro code   0x800'1900   0x2fc  i2c_ee.o [1]
  .text              ro code   0x800'1bfc   0x178  stm32f4xx_rcc.o [1]
  .text              ro code   0x800'1d74   0x200  stm32f4xx_i2c.o [1]
  .text              ro code   0x800'1f74   0x150  stm32f4xx_gpio.o [1]
  .text              ro code   0x800'20c4   0x1c0  time_user.o [1]
  .text              ro code   0x800'2284   0x122  stm32f4xx_tim.o [1]
  .text              ro code   0x800'23a8   0x22e  stm32f4xx_usart.o [1]
  .text              ro code   0x800'25d8   0x208  user_ds18b20.o [1]
  .text              ro code   0x800'27e0   0x1fc  usart_user.o [1]
  .text              ro code   0x800'29dc   0x1a4  main.o [1]
  .text              ro code   0x800'2b80    0x68  LED_user.o [1]
  .text              ro code   0x800'2be8   0x110  myNextion.o [1]
  .text              ro code   0x800'2cf8    0x40  sprintf.o [2]
  .text              ro code   0x800'2d38   0x140  stm32f2xx_it.o [1]
  .text              ro code   0x800'2e78   0x124  system_stm32f4xx.o [1]
  .text              ro code   0x800'2f9c    0x2c  copy_init3.o [4]
  .text              ro code   0x800'2fc8    0x28  data_init.o [4]
  .text              ro code   0x800'2ff0    0x22  fpinit_M.o [3]
  .iar.init_table    const     0x800'3014    0x24  - Linker created -
  .text              ro code   0x800'3038    0x1e  cmain.o [4]
  .text              ro code   0x800'3056     0x4  low_level_init.o [2]
  .text              ro code   0x800'305a     0x4  exit.o [2]
  .text              ro code   0x800'3060     0xa  cexit.o [4]
  .rodata            const     0x800'306c    0x14  main.o [1]
  .text              ro code   0x800'3080    0x10  startup_stm32f40xx.o [1]
  .rodata            const     0x800'3090     0xc  main.o [1]
  .rodata            const     0x800'309c     0xc  main.o [1]
  .text              ro code   0x800'30a8     0xc  cstartup_M.o [4]
  .rodata            const     0x800'30b4     0x8  main.o [1]
  .rodata            const     0x800'30bc     0x8  main.o [1]
  .rodata            const     0x800'30c4     0x8  myNextion.o [1]
  .rodata            const     0x800'30cc     0x4  xlocale_c.o [2]
  .text              ro code   0x800'30d0     0x4  startup_stm32f40xx.o [1]
  .text              ro code   0x800'30d4     0x4  startup_stm32f40xx.o [1]
  .text              ro code   0x800'30d8     0x4  startup_stm32f40xx.o [1]
  .text              ro code   0x800'30dc     0x4  startup_stm32f40xx.o [1]
  .text              ro code   0x800'30e0     0x4  startup_stm32f40xx.o [1]
  .text              ro code   0x800'30e4     0x4  startup_stm32f40xx.o [1]
  .text              ro code   0x800'30e8     0x4  startup_stm32f40xx.o [1]
  .text              ro code   0x800'30ec     0x4  startup_stm32f40xx.o [1]
  .text              ro code   0x800'30f0     0x4  startup_stm32f40xx.o [1]
  .text              ro code   0x800'30f4     0x4  startup_stm32f40xx.o [1]
  .text              ro code   0x800'30f8     0x4  startup_stm32f40xx.o [1]
  .text              ro code   0x800'30fc     0x4  startup_stm32f40xx.o [1]
  .text              ro code   0x800'3100     0x4  startup_stm32f40xx.o [1]
  .text              ro code   0x800'3104     0x4  startup_stm32f40xx.o [1]
  .text              ro code   0x800'3108     0x4  startup_stm32f40xx.o [1]
  .text              ro code   0x800'310c     0x4  startup_stm32f40xx.o [1]
  .text              ro code   0x800'3110     0x4  startup_stm32f40xx.o [1]
  .text              ro code   0x800'3114     0x4  startup_stm32f40xx.o [1]
  .text              ro code   0x800'3118     0x4  startup_stm32f40xx.o [1]
  .text              ro code   0x800'311c     0x4  startup_stm32f40xx.o [1]
  .text              ro code   0x800'3120     0x4  startup_stm32f40xx.o [1]
  .text              ro code   0x800'3124     0x4  startup_stm32f40xx.o [1]
  .text              ro code   0x800'3128     0x4  startup_stm32f40xx.o [1]
  .text              ro code   0x800'312c     0x4  startup_stm32f40xx.o [1]
  .text              ro code   0x800'3130     0x4  startup_stm32f40xx.o [1]
  .text              ro code   0x800'3134     0x4  startup_stm32f40xx.o [1]
  .text              ro code   0x800'3138     0x4  startup_stm32f40xx.o [1]
  .text              ro code   0x800'313c     0x4  startup_stm32f40xx.o [1]
  .text              ro code   0x800'3140     0x4  startup_stm32f40xx.o [1]
  .text              ro code   0x800'3144     0x4  startup_stm32f40xx.o [1]
  .text              ro code   0x800'3148     0x4  startup_stm32f40xx.o [1]
  .text              ro code   0x800'314c     0x4  startup_stm32f40xx.o [1]
  .text              ro code   0x800'3150     0x4  startup_stm32f40xx.o [1]
  .text              ro code   0x800'3154     0x4  startup_stm32f40xx.o [1]
  .text              ro code   0x800'3158     0x4  startup_stm32f40xx.o [1]
  .text              ro code   0x800'315c     0x4  startup_stm32f40xx.o [1]
  .text              ro code   0x800'3160     0x4  startup_stm32f40xx.o [1]
  .text              ro code   0x800'3164     0x4  startup_stm32f40xx.o [1]
  .text              ro code   0x800'3168     0x4  startup_stm32f40xx.o [1]
  .text              ro code   0x800'316c     0x4  startup_stm32f40xx.o [1]
  .text              ro code   0x800'3170     0x4  startup_stm32f40xx.o [1]
  .text              ro code   0x800'3174     0x4  startup_stm32f40xx.o [1]
  .text              ro code   0x800'3178     0x4  startup_stm32f40xx.o [1]
  .text              ro code   0x800'317c     0x4  startup_stm32f40xx.o [1]
  .text              ro code   0x800'3180     0x4  startup_stm32f40xx.o [1]
  .text              ro code   0x800'3184     0x4  startup_stm32f40xx.o [1]
  .text              ro code   0x800'3188     0x4  startup_stm32f40xx.o [1]
  .text              ro code   0x800'318c     0x4  startup_stm32f40xx.o [1]
  .text              ro code   0x800'3190     0x4  startup_stm32f40xx.o [1]
  .text              ro code   0x800'3194     0x4  startup_stm32f40xx.o [1]
  .text              ro code   0x800'3198     0x4  startup_stm32f40xx.o [1]
  .text              ro code   0x800'319c     0x4  startup_stm32f40xx.o [1]
  .text              ro code   0x800'31a0     0x4  startup_stm32f40xx.o [1]
  .text              ro code   0x800'31a4     0x4  startup_stm32f40xx.o [1]
  .text              ro code   0x800'31a8     0x4  startup_stm32f40xx.o [1]
  .text              ro code   0x800'31ac     0x4  startup_stm32f40xx.o [1]
  .text              ro code   0x800'31b0     0x4  startup_stm32f40xx.o [1]
  .text              ro code   0x800'31b4     0x4  startup_stm32f40xx.o [1]
  .text              ro code   0x800'31b8     0x4  startup_stm32f40xx.o [1]
  .text              ro code   0x800'31bc     0x4  startup_stm32f40xx.o [1]
  .text              ro code   0x800'31c0     0x4  startup_stm32f40xx.o [1]
  .text              ro code   0x800'31c4     0x4  startup_stm32f40xx.o [1]
  .text              ro code   0x800'31c8     0x4  startup_stm32f40xx.o [1]
  .text              ro code   0x800'31cc     0x4  startup_stm32f40xx.o [1]
  .text              ro code   0x800'31d0     0x4  startup_stm32f40xx.o [1]
  .text              ro code   0x800'31d4     0x4  startup_stm32f40xx.o [1]
  .text              ro code   0x800'31d8     0x4  startup_stm32f40xx.o [1]
  .text              ro code   0x800'31dc     0x4  startup_stm32f40xx.o [1]
  .text              ro code   0x800'31e0     0x4  startup_stm32f40xx.o [1]
  .text              ro code   0x800'31e4     0x4  startup_stm32f40xx.o [1]
  .text              ro code   0x800'31e8     0x4  startup_stm32f40xx.o [1]
  .text              ro code   0x800'31ec     0x4  startup_stm32f40xx.o [1]
  .text              ro code   0x800'31f0     0x4  startup_stm32f40xx.o [1]
  .text              ro code   0x800'31f4     0x4  startup_stm32f40xx.o [1]
  .text              ro code   0x800'31f8     0x4  startup_stm32f40xx.o [1]
  .text              ro code   0x800'31fc     0x4  startup_stm32f40xx.o [1]
  .text              ro code   0x800'3200     0x4  startup_stm32f40xx.o [1]
  .text              ro code   0x800'3204     0x4  startup_stm32f40xx.o [1]
  .text              ro code   0x800'3208     0x4  startup_stm32f40xx.o [1]
  .text              ro code   0x800'320c     0x4  startup_stm32f40xx.o [1]
  .text              ro code   0x800'3210     0x4  startup_stm32f40xx.o [1]
  .text              ro code   0x800'3214     0x4  startup_stm32f40xx.o [1]
  .text              ro code   0x800'3218     0x4  startup_stm32f40xx.o [1]
  .text              ro code   0x800'321c     0x4  startup_stm32f40xx.o [1]
  .rodata            const     0x800'3220     0x0  zero_init3.o [4]
  .rodata            const     0x800'3220     0x0  copy_init3.o [4]
  Initializer bytes  const     0x800'3220    0x54  <for P4 s0>
                             - 0x800'3274  0x30ec

"P3":                                      0x2000
  CSTACK                      0x1000'0000  0x2000  <Block>
    CSTACK           uninit   0x1000'0000  0x2000  <Block tail>
                            - 0x1000'2000  0x2000

"P4", part 1 of 2:                           0x54
  P4 s0                       0x2000'0000    0x54  <Init block>
    .data            inited   0x2000'0000    0x38  xlocale_c.o [2]
    .data            inited   0x2000'0038    0x10  stm32f4xx_rcc.o [1]
    .data            inited   0x2000'0048     0x4  myNextion.o [1]
    .data            inited   0x2000'004c     0x4  system_stm32f4xx.o [1]
    .data            inited   0x2000'0050     0x4  user_ds18b20.o [1]
                            - 0x2000'0054    0x54

"P4", part 2 of 2:                          0x52c
  .bss               zero     0x2000'0054   0x400  main.o [1]
  .bss               zero     0x2000'0454    0x64  usart_user.o [1]
  .bss               zero     0x2000'04b8    0x64  usart_user.o [1]
  .bss               zero     0x2000'051c    0x40  myNextion.o [1]
  .bss               zero     0x2000'055c     0x4  main.o [1]
  .bss               zero     0x2000'0560     0x4  time_user.o [1]
  .bss               zero     0x2000'0564     0x4  time_user.o [1]
  .bss               zero     0x2000'0568     0x4  time_user.o [1]
  .bss               zero     0x2000'056c     0x4  xfail_s.o [2]
  .bss               zero     0x2000'0570     0x2  i2c_ee.o [1]
  .bss               zero     0x2000'0572     0x2  main.o [1]
  .bss               zero     0x2000'0574     0x2  usart_user.o [1]
  .bss               zero     0x2000'0576     0x2  usart_user.o [1]
  .bss               zero     0x2000'0578     0x2  usart_user.o [1]
  .bss               zero     0x2000'057a     0x2  usart_user.o [1]
  .bss               zero     0x2000'057c     0x1  i2c_ee.o [1]
  .bss               zero     0x2000'057d     0x1  myNextion.o [1]
  .bss               zero     0x2000'057e     0x1  myNextion.o [1]
  .bss               zero     0x2000'057f     0x1  myNextion.o [1]
                            - 0x2000'0580   0x52c

Unused ranges:

         From           To      Size
         ----           --      ----
   0x800'3274   0x80f'ffff  0xf'cd8c
  0x1000'2000  0x1000'ffff    0xe000
  0x2000'0580  0x2001'bfff  0x1'ba80
  0x2001'c000  0x2001'ffff    0x4000


*******************************************************************************
*** INIT TABLE
***

          Address      Size
          -------      ----
Zero (__iar_zero_init3)
    1 destination range, total size 0x52c:
          0x2000'0054  0x52c

Copy (__iar_copy_init3)
    1 source range, total size 0x54:
           0x800'3220   0x54
    1 destination range, total size 0x54:
          0x2000'0000   0x54



*******************************************************************************
*** MODULE SUMMARY
***

    Module                ro code  ro data  rw data
    ------                -------  -------  -------
command line/config:
    -----------------------------------------------
    Total:

C:\STM\STMF407 SmartScreen\Project\Test\EWARM\Olimex STM32-E407\Obj: [1]
    LED_user.o                104
    i2c_ee.o                  764                 3
    main.o                    420       60    1 030
    myNextion.o               272       12       71
    startup_stm32f40xx.o      744
    stm32f2xx_it.o            320
    stm32f4xx_gpio.o          336
    stm32f4xx_i2c.o           512
    stm32f4xx_rcc.o           376       16       16
    stm32f4xx_tim.o           290
    stm32f4xx_usart.o         558
    system_stm32f4xx.o        292        4        4
    time_user.o               448                12
    usart_user.o              508               208
    user_ds18b20.o            520        4        4
    -----------------------------------------------
    Total:                  6 464       96    1 348

dl7M_tlf.a: [2]
    abort.o                     6
    exit.o                      4
    low_level_init.o            4
    sprintf.o                  64
    xfail_s.o                  64                 4
    xlocale_c.o                 8       60       56
    xprintflarge_nomb.o     3 118
    xsprout.o                  10
    -----------------------------------------------
    Total:                  3 278       60       60

m7M_tls.a: [3]
    DblAdd.o                  362
    DblCmpLe.o                 46
    DblDiv.o                  582
    DblMul.o                  418
    DblSub.o                  226
    DblToU32.o                 40
    U32ToDbl.o                 26
    fpinit_M.o                 34
    frexp.o                   112
    -----------------------------------------------
    Total:                  1 846

rt7M_tl.a: [4]
    ABImemcpy.o               166
    I64DivMod.o               560
    I64DivZer.o                 2
    cexit.o                    10
    cmain.o                    30
    copy_init3.o               44
    cstartup_M.o               12
    data_init.o                40
    memchr.o                   88
    strchr.o                   22
    strlen.o                   54
    zero_init3.o               58
    -----------------------------------------------
    Total:                  1 086

shb_l.a: [5]
    exit.o                     20
    -----------------------------------------------
    Total:                     20

    Gaps                       26        4
    Linker created                      36    8 192
---------------------------------------------------
    Grand Total:           12 720      196    9 600


*******************************************************************************
*** ENTRY LIST
***

Entry                       Address   Size  Type      Object
-----                       -------   ----  ----      ------
.iar.init_table$$Base    0x800'3014          --   Gb  - Linker created -
.iar.init_table$$Limit   0x800'3038          --   Gb  - Linker created -
?main                    0x800'3039         Code  Gb  cmain.o [4]
APBAHBPrescTable        0x2000'0038   0x10  Data  Lc  stm32f4xx_rcc.o [1]
CSTACK$$Base            0x1000'0000          --   Gb  - Linker created -
CSTACK$$Limit           0x1000'2000          --   Gb  - Linker created -
GPIO_Init                0x800'1f75   0xca  Code  Gb  stm32f4xx_gpio.o [1]
GPIO_PinAFConfig         0x800'2063   0x62  Code  Gb  stm32f4xx_gpio.o [1]
GPIO_ReadInputDataBit    0x800'203f   0x1c  Code  Gb  stm32f4xx_gpio.o [1]
GPIO_ResetBits           0x800'205f    0x4  Code  Gb  stm32f4xx_gpio.o [1]
GPIO_SetBits             0x800'205b    0x4  Code  Gb  stm32f4xx_gpio.o [1]
HardFault_Handler        0x800'2d39    0x2  Code  Gb  stm32f2xx_it.o [1]
I2C_AcknowledgeConfig    0x800'1ed5   0x1e  Code  Gb  stm32f4xx_i2c.o [1]
I2C_CheckEvent           0x800'1f01   0x30  Code  Gb  stm32f4xx_i2c.o [1]
I2C_Cmd                  0x800'1e61   0x1e  Code  Gb  stm32f4xx_i2c.o [1]
I2C_EE_ByteRead          0x800'1a07   0xac  Code  Gb  i2c_ee.o [1]
I2C_EE_ByteWrite         0x800'198f   0x78  Code  Gb  i2c_ee.o [1]
I2C_EE_Init              0x800'1901   0x8e  Code  Gb  i2c_ee.o [1]
I2C_GenerateSTART        0x800'1e7f   0x1e  Code  Gb  stm32f4xx_i2c.o [1]
I2C_GenerateSTOP         0x800'1e9d   0x1e  Code  Gb  stm32f4xx_i2c.o [1]
I2C_GetFlagStatus        0x800'1f31   0x44  Code  Gb  stm32f4xx_i2c.o [1]
I2C_Init                 0x800'1d75   0xde  Code  Gb  stm32f4xx_i2c.o [1]
I2C_ReceiveData          0x800'1efb    0x6  Code  Gb  stm32f4xx_i2c.o [1]
I2C_Send7bitAddress      0x800'1ebb   0x1a  Code  Gb  stm32f4xx_i2c.o [1]
I2C_SendData             0x800'1ef3    0x8  Code  Gb  stm32f4xx_i2c.o [1]
InitUSART2               0x800'282b   0xbe  Code  Gb  usart_user.o [1]
LEDInit                  0x800'2b81   0x5e  Code  Gb  LED_user.o [1]
LoadInt                  0x800'032d   0x7a  Code  Lc  xprintflarge_nomb.o [2]
Nextion_SetValue_Number
                         0x800'2c89   0x30  Code  Gb  myNextion.o [1]
RCC_AHB1PeriphClockCmd   0x800'1cff   0x1c  Code  Gb  stm32f4xx_rcc.o [1]
RCC_APB1PeriphClockCmd   0x800'1d1b   0x1c  Code  Gb  stm32f4xx_rcc.o [1]
RCC_APB1PeriphResetCmd   0x800'1d37   0x1c  Code  Gb  stm32f4xx_rcc.o [1]
RCC_GetClocksFreq        0x800'1bfd  0x102  Code  Gb  stm32f4xx_rcc.o [1]
RX_FLAG_END_LINE        0x2000'057d    0x1  Data  Gb  myNextion.o [1]
Region$$Table$$Base      0x800'3014          --   Gb  - Linker created -
Region$$Table$$Limit     0x800'3038          --   Gb  - Linker created -
SetSysClock              0x800'2ebf   0xaa  Code  Lc  system_stm32f4xx.o [1]
StrBuff                 0x2000'051c   0x40  Data  Lc  myNextion.o [1]
SysTick_Config           0x800'2a09   0x30  Code  Lc  main.o [1]
SysTick_Handler          0x800'2d3b    0x8  Code  Gb  stm32f2xx_it.o [1]
SystemCoreClock         0x2000'004c    0x4  Data  Gb  system_stm32f4xx.o [1]
SystemInit               0x800'2e79   0x46  Code  Gb  system_stm32f4xx.o [1]
TIM2_IRQHandler          0x800'2deb   0x24  Code  Gb  stm32f2xx_it.o [1]
TIM5_IRQHandler          0x800'2e0f   0x10  Code  Gb  stm32f2xx_it.o [1]
TIM6_DAC_IRQHandler      0x800'2e1f   0x1a  Code  Gb  stm32f2xx_it.o [1]
TIM7_IRQHandler          0x800'2e39   0x1a  Code  Gb  stm32f2xx_it.o [1]
TIM_ClearFlag            0x800'2359    0xa  Code  Gb  stm32f4xx_tim.o [1]
TIM_ClearITPendingBit    0x800'2391    0xa  Code  Gb  stm32f4xx_tim.o [1]
TIM_Cmd                  0x800'2307   0x1e  Code  Gb  stm32f4xx_tim.o [1]
TIM_GetITStatus          0x800'2363   0x2e  Code  Gb  stm32f4xx_tim.o [1]
TIM_ITConfig             0x800'2341   0x18  Code  Gb  stm32f4xx_tim.o [1]
TIM_InternalClockConfig
                         0x800'239b    0xc  Code  Gb  stm32f4xx_tim.o [1]
TIM_TimeBaseInit         0x800'2285   0x6a  Code  Gb  stm32f4xx_tim.o [1]
TIM_TimeBaseStructInit   0x800'22ef   0x18  Code  Gb  stm32f4xx_tim.o [1]
Ticks                   0x2000'0560    0x4  Data  Gb  time_user.o [1]
TimingDelay_1mcs        0x2000'0564    0x4  Data  Gb  time_user.o [1]
TimingDelay_1mcs_Decrement
                         0x800'2253   0x10  Code  Gb  time_user.o [1]
TimingDelay_1ms         0x2000'0568    0x4  Data  Gb  time_user.o [1]
TimingDelay_1ms_Decrement
                         0x800'2231   0x10  Code  Gb  time_user.o [1]
USART2_IRQHandler        0x800'2d43   0xa8  Code  Gb  stm32f2xx_it.o [1]
USART2_put_char          0x800'28e9   0x66  Code  Gb  usart_user.o [1]
USART2_put_string_2      0x800'294f   0x18  Code  Gb  usart_user.o [1]
USART_ClearITPendingBit
                         0x800'25b1   0x26  Code  Gb  stm32f4xx_usart.o [1]
USART_Cmd                0x800'248d   0x1e  Code  Gb  stm32f4xx_usart.o [1]
USART_GetFlagStatus      0x800'252b   0x1c  Code  Gb  stm32f4xx_usart.o [1]
USART_GetITStatus        0x800'2547   0x6a  Code  Gb  stm32f4xx_usart.o [1]
USART_IRQProcessFunc     0x800'2be9   0x40  Code  Gb  myNextion.o [1]
USART_ITConfig           0x800'24bb   0x70  Code  Gb  stm32f4xx_usart.o [1]
USART_Init               0x800'23a9   0xd6  Code  Gb  stm32f4xx_usart.o [1]
USART_ReceiveData        0x800'24b3    0x8  Code  Gb  stm32f4xx_usart.o [1]
USART_SendData           0x800'24ab    0x8  Code  Gb  stm32f4xx_usart.o [1]
_GenldLargeNoMb          0x800'0ad5  0x24c  Code  Lc  xprintflarge_nomb.o [2]
_LdtobLargeNoMb          0x800'086f  0x23e  Code  Lc  xprintflarge_nomb.o [2]
_LitobLargeNoMb          0x800'0717  0x112  Code  Lc  xprintflarge_nomb.o [2]
_Locale_lconv           0x2000'0000   0x38  Data  Lc  xlocale_c.o [2]
_PrintfLargeNoMb         0x800'0189  0x19e  Code  Gb  xprintflarge_nomb.o [2]
_PutcharsLargeNoMb       0x800'0d21   0x2e  Code  Lc  xprintflarge_nomb.o [2]
_PutfldLargeNoMb         0x800'03a7  0x264  Code  Lc  xprintflarge_nomb.o [2]
_PuttxtLargeNoMb         0x800'060b  0x10c  Code  Lc  xprintflarge_nomb.o [2]
_SProut                  0x800'0e07    0xa  Code  Gb  xsprout.o [2]
__NVIC_EnableIRQ         0x800'20c5   0x1e  Code  Lc  time_user.o [1]
__NVIC_EnableIRQ         0x800'27e1   0x1e  Code  Lc  usart_user.o [1]
__NVIC_SetPriority       0x800'29dd   0x2c  Code  Lc  main.o [1]
__NVIC_SetPriority       0x800'20e3   0x2c  Code  Lc  time_user.o [1]
__NVIC_SetPriority       0x800'27ff   0x2c  Code  Lc  usart_user.o [1]
__aeabi_cdcmple          0x800'13cd         Code  Gb  DblCmpLe.o [3]
__aeabi_d2uiz            0x800'1645         Code  Gb  DblToU32.o [3]
__aeabi_ddiv             0x800'13fd         Code  Gb  DblDiv.o [3]
__aeabi_dmul             0x800'1111         Code  Gb  DblMul.o [3]
__aeabi_dsub             0x800'1689         Code  Gb  DblSub.o [3]
__aeabi_ldiv0            0x800'177d         Code  Gb  I64DivZer.o [4]
__aeabi_memcpy           0x800'12b5         Code  Gb  ABImemcpy.o [4]
__aeabi_memcpy4          0x800'12d5         Code  Gb  ABImemcpy.o [4]
__aeabi_memcpy8          0x800'12d5         Code  Gb  ABImemcpy.o [4]
__aeabi_ui2d             0x800'166d         Code  Gb  U32ToDbl.o [3]
__aeabi_uldivmod         0x800'0ee1         Code  Gb  I64DivMod.o [4]
__cmain                  0x800'3039         Code  Gb  cmain.o [4]
__exit                   0x800'18ed   0x14  Code  Gb  exit.o [5]
__iar_Fail_s             0x800'0e11   0x1c  Code  Gb  xfail_s.o [2]
__iar_Memchr             0x800'0e89         Code  Gb  memchr.o [4]
__iar_Strchr             0x800'0df1         Code  Gb  strchr.o [4]
__iar_copy_init3         0x800'2f9d   0x2c  Code  Gb  copy_init3.o [4]
__iar_dadd               0x800'1699         Code  Gb  DblSub.o [3]
__iar_data_init3         0x800'2fc9   0x28  Code  Gb  data_init.o [4]
__iar_dsub               0x800'1781         Code  Gb  DblAdd.o [3]
__iar_dsubStart          0x800'1793         Code  Gb  DblAdd.o [3]
__iar_frexp              0x800'1369         Code  Gb  frexp.o [3]
__iar_frexpl             0x800'1369         Code  Gb  frexp.o [3]
__iar_init_vfp           0x800'2ff1         Code  Gb  fpinit_M.o [3]
__iar_program_start      0x800'30a9         Code  Gb  cstartup_M.o [4]
__iar_softfp___iar_frexp64
                         0x800'135d         Code  Gb  frexp.o [3]
__iar_softfp_frexp       0x800'135d         Code  Gb  frexp.o [3]
__iar_softfp_frexpl      0x800'135d         Code  Gb  frexp.o [3]
__iar_zero_init3         0x800'0db7   0x3a  Code  Gb  zero_init3.o [4]
__low_level_init         0x800'3057    0x4  Code  Gb  low_level_init.o [2]
__vector_table           0x800'0000         Data  Gb  startup_stm32f40xx.o [1]
_call_main               0x800'3045         Code  Gb  cmain.o [4]
_exit                    0x800'3061         Code  Gb  cexit.o [4]
_main                    0x800'3053         Code  Gb  cmain.o [4]
abort                    0x800'1775    0x6  Code  Gb  abort.o [2]
average                 0x2000'055c    0x4  Data  Gb  main.o [1]
clear_RXBuffer           0x800'298d   0x22  Code  Gb  usart_user.o [1]
convert_delay           0x2000'0050    0x4  Data  Lc  user_ds18b20.o [1]
delay_1_mcs              0x800'2241   0x12  Code  Gb  time_user.o [1]
delay_1_ms               0x800'221f   0x12  Code  Gb  time_user.o [1]
ds18b20_get_temperature
                         0x800'26c5   0x30  Code  Gb  user_ds18b20.o [1]
ds18b20_init             0x800'25d9   0x3a  Code  Gb  user_ds18b20.o [1]
ds18b20_set_resolution   0x800'2613   0x46  Code  Gb  user_ds18b20.o [1]
eePage                  0x2000'057c    0x1  Data  Gb  i2c_ee.o [1]
eeWrIndex               0x2000'0570    0x2  Data  Gb  i2c_ee.o [1]
endMes                  0x2000'0048    0x4  Data  Gb  myNextion.o [1]
exit                     0x800'305b    0x4  Code  Gb  exit.o [2]
fromBuf                  0x800'2985    0x8  Code  Gb  usart_user.o [1]
getFLAG_END_LINE         0x800'2cb9    0x6  Code  Gb  myNextion.o [1]
getFromEE                0x800'1b43   0x94  Code  Gb  i2c_ee.o [1]
getNowPage               0x800'2ccd    0x6  Code  Gb  myNextion.o [1]
getReqBigBuf             0x800'2cbf    0x6  Code  Gb  myNextion.o [1]
get_devider              0x800'2659   0x26  Code  Lc  user_ds18b20.o [1]
localeconv               0x800'176d    0x4  Code  Gb  xlocale_c.o [2]
main                     0x800'2a39  0x104  Code  Gb  main.o [1]
memchr                   0x800'0e89         Code  Gb  memchr.o [4]
nextionEvent             0x800'2c29   0x60  Code  Gb  myNextion.o [1]
nowPage                 0x2000'057e    0x1  Data  Gb  myNextion.o [1]
read_bit                 0x800'2759   0x38  Code  Lc  user_ds18b20.o [1]
read_temperature         0x800'279d   0x44  Code  Lc  user_ds18b20.o [1]
reqBigBuf               0x2000'057f    0x1  Data  Gb  myNextion.o [1]
reset                    0x800'267f   0x46  Code  Lc  user_ds18b20.o [1]
resetReqBigBuf           0x800'2cc5    0x8  Code  Gb  myNextion.o [1]
rx_buffer               0x2000'0454   0x64  Data  Gb  usart_user.o [1]
rx_wr_index             0x2000'0574    0x2  Data  Gb  usart_user.o [1]
scale                    0x800'0829   0x46  Code  Lc  xprintflarge_nomb.o [2]
sec_hand                0x2000'056c    0x4  Data  Lc  xfail_s.o [2]
setRxi                   0x800'29af    0x6  Code  Gb  usart_user.o [1]
setToEE                  0x800'1ab3   0x90  Code  Gb  i2c_ee.o [1]
sprintf                  0x800'2cf9   0x40  Code  Gb  sprintf.o [2]
strchr                   0x800'0df1         Code  Gb  strchr.o [4]
strlen                   0x800'0e51         Code  Gb  strlen.o [4]
tempBuf                 0x2000'0054  0x400  Data  Gb  main.o [1]
temper                  0x2000'0572    0x2  Data  Gb  main.o [1]
timers_init              0x800'210f  0x110  Code  Gb  time_user.o [1]
toBuf                    0x800'2967   0x1e  Code  Gb  usart_user.o [1]
tx_buffer               0x2000'04b8   0x64  Data  Gb  usart_user.o [1]
tx_counter              0x2000'057a    0x2  Data  Gb  usart_user.o [1]
tx_rd_index             0x2000'0578    0x2  Data  Gb  usart_user.o [1]
tx_wr_index             0x2000'0576    0x2  Data  Gb  usart_user.o [1]
write_bit                0x800'26f5   0x3c  Code  Lc  user_ds18b20.o [1]
write_byte               0x800'2731   0x28  Code  Lc  user_ds18b20.o [1]


[1] = C:\STM\STMF407 SmartScreen\Project\Test\EWARM\Olimex STM32-E407\Obj
[2] = dl7M_tlf.a
[3] = m7M_tls.a
[4] = rt7M_tl.a
[5] = shb_l.a

  12 720 bytes of readonly  code memory
     196 bytes of readonly  data memory
   9 600 bytes of readwrite data memory

Errors: none
Warnings: none
